sum=15
prod=120
empty_sum=99
joined=hello world
rec_sum=60
odds_len=3
odd=1
odd=3
odd=5
rej_all_len=0
running_len=6
scan=0
scan=1
scan=3
scan=6
scan=10
scan=15
empty_scan_len=1
empty_scan_val=42
rev_len=5
rev=5
rev=4
rev=3
rev=2
rev=1
empty_rev_len=0
rev_single=77
flat_len=4
flat=10
flat=20
flat=30
flat=40
empty_flat_len=0
