t2_len=2
t2=10
t2=20
t0_len=0
t_over_len=5
t_neg_len=0
t_empty_len=0
d2_len=3
d2=30
d2=40
d2=50
d0_len=5
d_over_len=0
d_neg_len=5
d_empty_len=0
tw_len=2
tw=10
tw=20
tw_all_len=5
tw_none_len=0
tw_empty_len=0
dw_len=3
dw=30
dw=40
dw=50
dw_all_len=0
dw_none_len=5
dw_empty_len=0
part_p_len=2
part_p=10
part_p=20
part_r_len=3
part_r=30
part_r=40
part_r=50
part_empty_p=0
part_empty_r=0
t3_len=3
t3=10
t3=20
t3=30
